../Core/Src/nrf.c:12:6:wait	32	static
../Core/Src/nrf.c:20:6:Set_NRF24	24	static
../Core/Src/nrf.c:36:12:NRF24_SendCommand	32	static
../Core/Src/nrf.c:50:12:NRF24_SendWriteCommand	40	static
../Core/Src/nrf.c:68:12:NRF24_SendReadCommand	40	static
../Core/Src/nrf.c:87:12:NRF24_WriteRegister	24	static
../Core/Src/nrf.c:92:12:NRF24_WriteRegisterByte	24	static
../Core/Src/nrf.c:97:12:NRF24_ReadRegister	24	static
../Core/Src/nrf.c:102:9:NRF24_ReadRegisterByte	24	static
../Core/Src/nrf.c:108:12:NRF24_SetRegisterBit	24	static
../Core/Src/nrf.c:120:12:NRF24_ResetRegisterBit	24	static
../Core/Src/nrf.c:133:9:NRF24_ReadStatus	32	static
../Core/Src/nrf.c:145:12:NRF24_EnterMode	24	static
../Core/Src/nrf.c:188:12:NRF24_Config	32	static
../Core/Src/nrf.c:232:6:Tx_mode	16	static
../Core/Src/nrf.c:242:6:Rx_mode	24	static
../Core/Src/nrf.c:250:12:NRF24_WritePayload	24	static
../Core/Src/nrf.c:255:12:NRF24_TransmitAndWait	32	static
../Core/Src/nrf.c:289:12:NRF24_Transmit	32	static
../Core/Src/nrf.c:304:12:NRF24_ReadPayload	24	static
../Core/Src/nrf.c:308:12:ReceiveData	32	static
